Archive member included to satisfy reference by file (symbol)

../hallo4_bsp/\libhal_bsp.a(alt_load.o)
                              ../hallo4_bsp//obj/HAL/src/crt0.o (alt_load)
../hallo4_bsp/\libhal_bsp.a(alt_main.o)
                              ../hallo4_bsp//obj/HAL/src/crt0.o (alt_main)
../hallo4_bsp/\libhal_bsp.a(alt_putstr.o)
                              obj/default/hello_world_small.o (alt_putstr)
../hallo4_bsp/\libhal_bsp.a(alt_sys_init.o)
                              ../hallo4_bsp/\libhal_bsp.a(alt_main.o) (alt_irq_init)
../hallo4_bsp/\libhal_bsp.a(altera_avalon_jtag_uart_write.o)
                              ../hallo4_bsp/\libhal_bsp.a(alt_putstr.o) (altera_avalon_jtag_uart_write)
../hallo4_bsp/\libhal_bsp.a(alt_dcache_flush_all.o)
                              ../hallo4_bsp/\libhal_bsp.a(alt_load.o) (alt_dcache_flush_all)
../hallo4_bsp/\libhal_bsp.a(alt_icache_flush_all.o)
                              ../hallo4_bsp/\libhal_bsp.a(alt_load.o) (alt_icache_flush_all)
../hallo4_bsp/\libhal_bsp.a(altera_nios2_gen2_irq.o)
                              ../hallo4_bsp/\libhal_bsp.a(alt_sys_init.o) (altera_nios2_gen2_irq_init)
d:/intelfpga_lite/18.1/nios2eds/bin/gnu/h-x86_64-mingw32/bin/../lib/gcc/nios2-elf/5.3.0/../../../../../H-x86_64-mingw32/nios2-elf/lib/mno-hw-mul\libsmallc.a(lib_a-strlen.o)
                              ../hallo4_bsp/\libhal_bsp.a(alt_putstr.o) (strlen)

Memory Configuration

Name             Origin             Length             Attributes
reset            0x0000000002001000 0x0000000000000020
onchip_memory2_0 0x0000000002001020 0x0000000000000fe0
*default*        0x0000000000000000 0xffffffffffffffff

Linker script and memory map

LOAD ../hallo4_bsp//obj/HAL/src/crt0.o
LOAD obj/default/hello_world_small.o
LOAD d:/intelfpga_lite/18.1/nios2eds/bin/gnu/h-x86_64-mingw32/bin/../lib/gcc/nios2-elf/5.3.0/../../../../../H-x86_64-mingw32/nios2-elf/lib/mno-hw-mul\libstdc++.a
LOAD d:/intelfpga_lite/18.1/nios2eds/bin/gnu/h-x86_64-mingw32/bin/../lib/gcc/nios2-elf/5.3.0/../../../../../H-x86_64-mingw32/nios2-elf/lib/mno-hw-mul\libm.a
LOAD d:/intelfpga_lite/18.1/nios2eds/bin/gnu/h-x86_64-mingw32/bin/../lib/gcc/nios2-elf/5.3.0/mno-hw-mul\libgcc.a
START GROUP
LOAD d:/intelfpga_lite/18.1/nios2eds/bin/gnu/h-x86_64-mingw32/bin/../lib/gcc/nios2-elf/5.3.0/../../../../../H-x86_64-mingw32/nios2-elf/lib/mno-hw-mul\libsmallc.a
LOAD d:/intelfpga_lite/18.1/nios2eds/bin/gnu/h-x86_64-mingw32/bin/../lib/gcc/nios2-elf/5.3.0/mno-hw-mul\libgcc.a
LOAD ../hallo4_bsp/\libhal_bsp.a
LOAD d:/intelfpga_lite/18.1/nios2eds/bin/gnu/h-x86_64-mingw32/bin/../lib/gcc/nios2-elf/5.3.0/../../../../../H-x86_64-mingw32/nios2-elf/lib/mno-hw-mul\libm.a
END GROUP
LOAD d:/intelfpga_lite/18.1/nios2eds/bin/gnu/h-x86_64-mingw32/bin/../lib/gcc/nios2-elf/5.3.0/mno-hw-mul\libgcc.a
                0x0000000002001000                __alt_mem_onchip_memory2_0 = 0x2001000

.entry          0x0000000002001000       0x20
 *(.entry)
 .entry         0x0000000002001000       0x20 ../hallo4_bsp//obj/HAL/src/crt0.o
                0x0000000002001000                __reset
                0x000000000200100c                _exit

.exceptions     0x0000000002001020        0x0
                0x0000000002001020                PROVIDE (__ram_exceptions_start, ABSOLUTE (.))
                0x0000000002001020                . = ALIGN (0x20)
 *(.irq)
 *(.exceptions.entry.label)
 *(.exceptions.entry.user)
 *(.exceptions.entry.ecc_fatal)
 *(.exceptions.entry)
 *(.exceptions.irqtest.user)
 *(.exceptions.irqtest)
 *(.exceptions.irqhandler.user)
 *(.exceptions.irqhandler)
 *(.exceptions.irqreturn.user)
 *(.exceptions.irqreturn)
 *(.exceptions.notirq.label)
 *(.exceptions.notirq.user)
 *(.exceptions.notirq)
 *(.exceptions.soft.user)
 *(.exceptions.soft)
 *(.exceptions.unknown.user)
 *(.exceptions.unknown)
 *(.exceptions.exit.label)
 *(.exceptions.exit.user)
 *(.exceptions.exit)
 *(.exceptions)
                0x0000000002001020                PROVIDE (__ram_exceptions_end, ABSOLUTE (.))
                0x0000000002001020                PROVIDE (__flash_exceptions_start, LOADADDR (.exceptions))

.text           0x0000000002001020      0x21c
                [!provide]                        PROVIDE (stext, ABSOLUTE (.))
 *(.interp)
 *(.hash)
 *(.dynsym)
 *(.dynstr)
 *(.gnu.version)
 *(.gnu.version_d)
 *(.gnu.version_r)
 *(.rel.init)
 *(.rela.init)
 *(.rel.text .rel.text.* .rel.gnu.linkonce.t.*)
 *(.rela.text .rela.text.* .rela.gnu.linkonce.t.*)
 *(.rel.fini)
 *(.rela.fini)
 *(.rel.rodata .rel.rodata.* .rel.gnu.linkonce.r.*)
 *(.rela.rodata .rela.rodata.* .rela.gnu.linkonce.r.*)
 *(.rel.data .rel.data.* .rel.gnu.linkonce.d.*)
 *(.rela.data .rela.data.* .rela.gnu.linkonce.d.*)
 *(.rel.tdata .rel.tdata.* .rel.gnu.linkonce.td.*)
 *(.rela.tdata .rela.tdata.* .rela.gnu.linkonce.td.*)
 *(.rel.tbss .rel.tbss.* .rel.gnu.linkonce.tb.*)
 *(.rela.tbss .rela.tbss.* .rela.gnu.linkonce.tb.*)
 *(.rel.ctors)
 *(.rela.ctors)
 *(.rel.dtors)
 *(.rela.dtors)
 *(.rel.got)
 *(.rela.got)
 *(.rel.sdata .rel.sdata.* .rel.gnu.linkonce.s.*)
 *(.rela.sdata .rela.sdata.* .rela.gnu.linkonce.s.*)
 *(.rel.sbss .rel.sbss.* .rel.gnu.linkonce.sb.*)
 *(.rela.sbss .rela.sbss.* .rela.gnu.linkonce.sb.*)
 *(.rel.sdata2 .rel.sdata2.* .rel.gnu.linkonce.s2.*)
 *(.rela.sdata2 .rela.sdata2.* .rela.gnu.linkonce.s2.*)
 *(.rel.sbss2 .rel.sbss2.* .rel.gnu.linkonce.sb2.*)
 *(.rela.sbss2 .rela.sbss2.* .rela.gnu.linkonce.sb2.*)
 *(.rel.bss .rel.bss.* .rel.gnu.linkonce.b.*)
 *(.rela.bss .rela.bss.* .rela.gnu.linkonce.b.*)
 *(.rel.plt)
 *(.rela.plt)
 *(.rel.dyn)
 *(.init)
 *(.plt)
 *(.text .stub .text.* .gnu.linkonce.t.*)
 .text          0x0000000002001020       0x3c ../hallo4_bsp//obj/HAL/src/crt0.o
                0x0000000002001020                _start
 .text          0x000000000200105c        0x0 obj/default/hello_world_small.o
 .text.startup  0x000000000200105c       0x18 obj/default/hello_world_small.o
                0x000000000200105c                main
 .text          0x0000000002001074       0xe0 ../hallo4_bsp/\libhal_bsp.a(alt_load.o)
                0x0000000002001074                alt_load
 .text          0x0000000002001154       0x2c ../hallo4_bsp/\libhal_bsp.a(alt_main.o)
                0x0000000002001154                alt_main
 .text          0x0000000002001180       0x38 ../hallo4_bsp/\libhal_bsp.a(alt_putstr.o)
                0x0000000002001180                alt_putstr
 .text          0x00000000020011b8       0x24 ../hallo4_bsp/\libhal_bsp.a(alt_sys_init.o)
                0x00000000020011b8                alt_irq_init
                0x00000000020011d8                alt_sys_init
 .text          0x00000000020011dc       0x34 ../hallo4_bsp/\libhal_bsp.a(altera_avalon_jtag_uart_write.o)
                0x00000000020011dc                altera_avalon_jtag_uart_write
 .text          0x0000000002001210        0x4 ../hallo4_bsp/\libhal_bsp.a(alt_dcache_flush_all.o)
                0x0000000002001210                alt_dcache_flush_all
 .text          0x0000000002001214        0x4 ../hallo4_bsp/\libhal_bsp.a(alt_icache_flush_all.o)
                0x0000000002001214                alt_icache_flush_all
 .text          0x0000000002001218        0x8 ../hallo4_bsp/\libhal_bsp.a(altera_nios2_gen2_irq.o)
                0x0000000002001218                altera_nios2_gen2_irq_init
 .text          0x0000000002001220        0x0 d:/intelfpga_lite/18.1/nios2eds/bin/gnu/h-x86_64-mingw32/bin/../lib/gcc/nios2-elf/5.3.0/../../../../../H-x86_64-mingw32/nios2-elf/lib/mno-hw-mul\libsmallc.a(lib_a-strlen.o)
 .text.strlen   0x0000000002001220       0x1c d:/intelfpga_lite/18.1/nios2eds/bin/gnu/h-x86_64-mingw32/bin/../lib/gcc/nios2-elf/5.3.0/../../../../../H-x86_64-mingw32/nios2-elf/lib/mno-hw-mul\libsmallc.a(lib_a-strlen.o)
                0x0000000002001220                strlen
 *(.gnu.warning.*)
 *(.fini)
                [!provide]                        PROVIDE (__etext, ABSOLUTE (.))
                [!provide]                        PROVIDE (_etext, ABSOLUTE (.))
                [!provide]                        PROVIDE (etext, ABSOLUTE (.))
 *(.eh_frame_hdr)
                0x000000000200123c                . = ALIGN (0x4)
                [!provide]                        PROVIDE (__preinit_array_start, ABSOLUTE (.))
 *(.preinit_array)
                [!provide]                        PROVIDE (__preinit_array_end, ABSOLUTE (.))
                [!provide]                        PROVIDE (__init_array_start, ABSOLUTE (.))
 *(.init_array)
                [!provide]                        PROVIDE (__init_array_end, ABSOLUTE (.))
                [!provide]                        PROVIDE (__fini_array_start, ABSOLUTE (.))
 *(.fini_array)
                [!provide]                        PROVIDE (__fini_array_end, ABSOLUTE (.))
 *(.eh_frame)
 *(.gcc_except_table .gcc_except_table.*)
 *(.dynamic)
                [!provide]                        PROVIDE (__CTOR_LIST__, ABSOLUTE (.))
 *(.ctors)
 *(SORT(.ctors.*))
                [!provide]                        PROVIDE (__CTOR_END__, ABSOLUTE (.))
                [!provide]                        PROVIDE (__DTOR_LIST__, ABSOLUTE (.))
 *(.dtors)
 *(SORT(.dtors.*))
                [!provide]                        PROVIDE (__DTOR_END__, ABSOLUTE (.))
 *(.jcr)
                0x000000000200123c                . = ALIGN (0x4)

.rodata         0x000000000200123c       0x18
                0x000000000200123c                PROVIDE (__ram_rodata_start, ABSOLUTE (.))
                0x000000000200123c                . = ALIGN (0x4)
 *(.rodata .rodata.* .gnu.linkonce.r.*)
 .rodata.str1.4
                0x000000000200123c       0x18 obj/default/hello_world_small.o
                                         0x15 (size before relaxing)
 *(.rodata1)
                0x0000000002001254                . = ALIGN (0x4)
                0x0000000002001254                PROVIDE (__ram_rodata_end, ABSOLUTE (.))
                0x000000000200123c                PROVIDE (__flash_rodata_start, LOADADDR (.rodata))

.rwdata         0x0000000002001254        0x4 load address 0x0000000002001258
                0x0000000002001254                PROVIDE (__ram_rwdata_start, ABSOLUTE (.))
                0x0000000002001254                . = ALIGN (0x4)
 *(.got.plt)
 *(.got)
 *(.data1)
 *(.data .data.* .gnu.linkonce.d.*)
 .data          0x0000000002001254        0x0 ../hallo4_bsp//obj/HAL/src/crt0.o
 .data          0x0000000002001254        0x0 obj/default/hello_world_small.o
 .data          0x0000000002001254        0x0 ../hallo4_bsp/\libhal_bsp.a(alt_load.o)
 .data          0x0000000002001254        0x0 ../hallo4_bsp/\libhal_bsp.a(alt_main.o)
 .data          0x0000000002001254        0x0 ../hallo4_bsp/\libhal_bsp.a(alt_putstr.o)
 .data          0x0000000002001254        0x0 ../hallo4_bsp/\libhal_bsp.a(alt_sys_init.o)
 .data          0x0000000002001254        0x0 ../hallo4_bsp/\libhal_bsp.a(altera_avalon_jtag_uart_write.o)
 .data          0x0000000002001254        0x0 ../hallo4_bsp/\libhal_bsp.a(alt_dcache_flush_all.o)
 .data          0x0000000002001254        0x0 ../hallo4_bsp/\libhal_bsp.a(alt_icache_flush_all.o)
 .data          0x0000000002001254        0x0 ../hallo4_bsp/\libhal_bsp.a(altera_nios2_gen2_irq.o)
 .data          0x0000000002001254        0x0 d:/intelfpga_lite/18.1/nios2eds/bin/gnu/h-x86_64-mingw32/bin/../lib/gcc/nios2-elf/5.3.0/../../../../../H-x86_64-mingw32/nios2-elf/lib/mno-hw-mul\libsmallc.a(lib_a-strlen.o)
                0x0000000002009254                _gp = ABSOLUTE ((. + 0x8000))
                [!provide]                        PROVIDE (gp, _gp)
 *(.rwdata .rwdata.*)
 *(.sdata .sdata.* .gnu.linkonce.s.*)
 .sdata         0x0000000002001254        0x4 ../hallo4_bsp/\libhal_bsp.a(alt_sys_init.o)
                0x0000000002001254                jtag_uart_0
 *(.sdata2 .sdata2.* .gnu.linkonce.s2.*)
                0x0000000002001258                . = ALIGN (0x4)
                0x0000000002001258                _edata = ABSOLUTE (.)
                [!provide]                        PROVIDE (edata, ABSOLUTE (.))
                0x0000000002001258                PROVIDE (__ram_rwdata_end, ABSOLUTE (.))
                0x0000000002001258                PROVIDE (__flash_rwdata_start, LOADADDR (.rwdata))

.bss            0x000000000200125c        0xc
                0x000000000200125c                __bss_start = ABSOLUTE (.)
                [!provide]                        PROVIDE (__sbss_start, ABSOLUTE (.))
                [!provide]                        PROVIDE (___sbss_start, ABSOLUTE (.))
 *(.dynsbss)
 *(.sbss .sbss.* .gnu.linkonce.sb.*)
 .sbss          0x000000000200125c        0xc ../hallo4_bsp/\libhal_bsp.a(alt_main.o)
                0x000000000200125c                alt_envp
                0x0000000002001260                alt_argv
                0x0000000002001264                alt_argc
 *(.sbss2 .sbss2.* .gnu.linkonce.sb2.*)
 *(.scommon)
                [!provide]                        PROVIDE (__sbss_end, ABSOLUTE (.))
                [!provide]                        PROVIDE (___sbss_end, ABSOLUTE (.))
 *(.dynbss)
 *(.bss .bss.* .gnu.linkonce.b.*)
 .bss           0x0000000002001268        0x0 ../hallo4_bsp//obj/HAL/src/crt0.o
 .bss           0x0000000002001268        0x0 obj/default/hello_world_small.o
 .bss           0x0000000002001268        0x0 ../hallo4_bsp/\libhal_bsp.a(alt_load.o)
 .bss           0x0000000002001268        0x0 ../hallo4_bsp/\libhal_bsp.a(alt_main.o)
 .bss           0x0000000002001268        0x0 ../hallo4_bsp/\libhal_bsp.a(alt_putstr.o)
 .bss           0x0000000002001268        0x0 ../hallo4_bsp/\libhal_bsp.a(alt_sys_init.o)
 .bss           0x0000000002001268        0x0 ../hallo4_bsp/\libhal_bsp.a(altera_avalon_jtag_uart_write.o)
 .bss           0x0000000002001268        0x0 ../hallo4_bsp/\libhal_bsp.a(alt_dcache_flush_all.o)
 .bss           0x0000000002001268        0x0 ../hallo4_bsp/\libhal_bsp.a(alt_icache_flush_all.o)
 .bss           0x0000000002001268        0x0 ../hallo4_bsp/\libhal_bsp.a(altera_nios2_gen2_irq.o)
 .bss           0x0000000002001268        0x0 d:/intelfpga_lite/18.1/nios2eds/bin/gnu/h-x86_64-mingw32/bin/../lib/gcc/nios2-elf/5.3.0/../../../../../H-x86_64-mingw32/nios2-elf/lib/mno-hw-mul\libsmallc.a(lib_a-strlen.o)
 *(COMMON)
                0x0000000002001268                . = ALIGN (0x4)
                0x0000000002001268                __bss_end = ABSOLUTE (.)

.onchip_memory2_0
                0x0000000002001268        0x0
                [!provide]                        PROVIDE (_alt_partition_onchip_memory2_0_start, ABSOLUTE (.))
 *(.onchip_memory2_0 .onchip_memory2_0. onchip_memory2_0.*)
                0x0000000002001268                . = ALIGN (0x4)
                [!provide]                        PROVIDE (_alt_partition_onchip_memory2_0_end, ABSOLUTE (.))
                0x0000000002001268                _end = ABSOLUTE (.)
                0x0000000002001268                end = ABSOLUTE (.)
                0x0000000002001268                __alt_stack_base = ABSOLUTE (.)
                [!provide]                        PROVIDE (_alt_partition_onchip_memory2_0_load_addr, LOADADDR (.onchip_memory2_0))

.stab
 *(.stab)

.stabstr
 *(.stabstr)

.stab.excl
 *(.stab.excl)

.stab.exclstr
 *(.stab.exclstr)

.stab.index
 *(.stab.index)

.stab.indexstr
 *(.stab.indexstr)

.comment        0x0000000000000000       0x23
 *(.comment)
 .comment       0x0000000000000000       0x23 obj/default/hello_world_small.o
                                         0x24 (size before relaxing)
 .comment       0x0000000000000023       0x24 ../hallo4_bsp/\libhal_bsp.a(alt_load.o)
 .comment       0x0000000000000023       0x24 ../hallo4_bsp/\libhal_bsp.a(alt_main.o)
 .comment       0x0000000000000023       0x24 ../hallo4_bsp/\libhal_bsp.a(alt_putstr.o)
 .comment       0x0000000000000023       0x24 ../hallo4_bsp/\libhal_bsp.a(alt_sys_init.o)
 .comment       0x0000000000000023       0x24 ../hallo4_bsp/\libhal_bsp.a(altera_avalon_jtag_uart_write.o)
 .comment       0x0000000000000023       0x24 ../hallo4_bsp/\libhal_bsp.a(alt_dcache_flush_all.o)
 .comment       0x0000000000000023       0x24 ../hallo4_bsp/\libhal_bsp.a(alt_icache_flush_all.o)
 .comment       0x0000000000000023       0x24 ../hallo4_bsp/\libhal_bsp.a(altera_nios2_gen2_irq.o)
 .comment       0x0000000000000023       0x24 d:/intelfpga_lite/18.1/nios2eds/bin/gnu/h-x86_64-mingw32/bin/../lib/gcc/nios2-elf/5.3.0/../../../../../H-x86_64-mingw32/nios2-elf/lib/mno-hw-mul\libsmallc.a(lib_a-strlen.o)

.debug
 *(.debug)

.line
 *(.line)

.debug_srcinfo
 *(.debug_srcinfo)

.debug_sfnames
 *(.debug_sfnames)

.debug_aranges  0x0000000000000000      0x168
 *(.debug_aranges)
 .debug_aranges
                0x0000000000000000       0x28 ../hallo4_bsp//obj/HAL/src/crt0.o
 .debug_aranges
                0x0000000000000028       0x20 obj/default/hello_world_small.o
 .debug_aranges
                0x0000000000000048       0x20 ../hallo4_bsp/\libhal_bsp.a(alt_load.o)
 .debug_aranges
                0x0000000000000068       0x20 ../hallo4_bsp/\libhal_bsp.a(alt_main.o)
 .debug_aranges
                0x0000000000000088       0x20 ../hallo4_bsp/\libhal_bsp.a(alt_putstr.o)
 .debug_aranges
                0x00000000000000a8       0x20 ../hallo4_bsp/\libhal_bsp.a(alt_sys_init.o)
 .debug_aranges
                0x00000000000000c8       0x20 ../hallo4_bsp/\libhal_bsp.a(altera_avalon_jtag_uart_write.o)
 .debug_aranges
                0x00000000000000e8       0x20 ../hallo4_bsp/\libhal_bsp.a(alt_dcache_flush_all.o)
 .debug_aranges
                0x0000000000000108       0x20 ../hallo4_bsp/\libhal_bsp.a(alt_icache_flush_all.o)
 .debug_aranges
                0x0000000000000128       0x20 ../hallo4_bsp/\libhal_bsp.a(altera_nios2_gen2_irq.o)
 .debug_aranges
                0x0000000000000148       0x20 d:/intelfpga_lite/18.1/nios2eds/bin/gnu/h-x86_64-mingw32/bin/../lib/gcc/nios2-elf/5.3.0/../../../../../H-x86_64-mingw32/nios2-elf/lib/mno-hw-mul\libsmallc.a(lib_a-strlen.o)

.debug_pubnames
 *(.debug_pubnames)

.debug_info     0x0000000000000000      0xb40
 *(.debug_info .gnu.linkonce.wi.*)
 .debug_info    0x0000000000000000       0x80 ../hallo4_bsp//obj/HAL/src/crt0.o
 .debug_info    0x0000000000000080       0xb9 obj/default/hello_world_small.o
 .debug_info    0x0000000000000139      0x1c9 ../hallo4_bsp/\libhal_bsp.a(alt_load.o)
 .debug_info    0x0000000000000302      0x169 ../hallo4_bsp/\libhal_bsp.a(alt_main.o)
 .debug_info    0x000000000000046b      0x13a ../hallo4_bsp/\libhal_bsp.a(alt_putstr.o)
 .debug_info    0x00000000000005a5      0x185 ../hallo4_bsp/\libhal_bsp.a(alt_sys_init.o)
 .debug_info    0x000000000000072a      0x197 ../hallo4_bsp/\libhal_bsp.a(altera_avalon_jtag_uart_write.o)
 .debug_info    0x00000000000008c1       0x92 ../hallo4_bsp/\libhal_bsp.a(alt_dcache_flush_all.o)
 .debug_info    0x0000000000000953       0x92 ../hallo4_bsp/\libhal_bsp.a(alt_icache_flush_all.o)
 .debug_info    0x00000000000009e5       0x92 ../hallo4_bsp/\libhal_bsp.a(altera_nios2_gen2_irq.o)
 .debug_info    0x0000000000000a77       0xc9 d:/intelfpga_lite/18.1/nios2eds/bin/gnu/h-x86_64-mingw32/bin/../lib/gcc/nios2-elf/5.3.0/../../../../../H-x86_64-mingw32/nios2-elf/lib/mno-hw-mul\libsmallc.a(lib_a-strlen.o)

.debug_abbrev   0x0000000000000000      0x63b
 *(.debug_abbrev)
 .debug_abbrev  0x0000000000000000       0x12 ../hallo4_bsp//obj/HAL/src/crt0.o
 .debug_abbrev  0x0000000000000012       0x6f obj/default/hello_world_small.o
 .debug_abbrev  0x0000000000000081       0xd8 ../hallo4_bsp/\libhal_bsp.a(alt_load.o)
 .debug_abbrev  0x0000000000000159       0xee ../hallo4_bsp/\libhal_bsp.a(alt_main.o)
 .debug_abbrev  0x0000000000000247       0xd3 ../hallo4_bsp/\libhal_bsp.a(alt_putstr.o)
 .debug_abbrev  0x000000000000031a      0x107 ../hallo4_bsp/\libhal_bsp.a(alt_sys_init.o)
 .debug_abbrev  0x0000000000000421       0xd5 ../hallo4_bsp/\libhal_bsp.a(altera_avalon_jtag_uart_write.o)
 .debug_abbrev  0x00000000000004f6       0x42 ../hallo4_bsp/\libhal_bsp.a(alt_dcache_flush_all.o)
 .debug_abbrev  0x0000000000000538       0x42 ../hallo4_bsp/\libhal_bsp.a(alt_icache_flush_all.o)
 .debug_abbrev  0x000000000000057a       0x42 ../hallo4_bsp/\libhal_bsp.a(altera_nios2_gen2_irq.o)
 .debug_abbrev  0x00000000000005bc       0x7f d:/intelfpga_lite/18.1/nios2eds/bin/gnu/h-x86_64-mingw32/bin/../lib/gcc/nios2-elf/5.3.0/../../../../../H-x86_64-mingw32/nios2-elf/lib/mno-hw-mul\libsmallc.a(lib_a-strlen.o)

.debug_line     0x0000000000000000      0x713
 *(.debug_line)
 .debug_line    0x0000000000000000       0x66 ../hallo4_bsp//obj/HAL/src/crt0.o
 .debug_line    0x0000000000000066       0x73 obj/default/hello_world_small.o
 .debug_line    0x00000000000000d9       0xa4 ../hallo4_bsp/\libhal_bsp.a(alt_load.o)
 .debug_line    0x000000000000017d       0xbd ../hallo4_bsp/\libhal_bsp.a(alt_main.o)
 .debug_line    0x000000000000023a       0xa0 ../hallo4_bsp/\libhal_bsp.a(alt_putstr.o)
 .debug_line    0x00000000000002da      0x101 ../hallo4_bsp/\libhal_bsp.a(alt_sys_init.o)
 .debug_line    0x00000000000003db       0xf0 ../hallo4_bsp/\libhal_bsp.a(altera_avalon_jtag_uart_write.o)
 .debug_line    0x00000000000004cb       0x4e ../hallo4_bsp/\libhal_bsp.a(alt_dcache_flush_all.o)
 .debug_line    0x0000000000000519       0x4e ../hallo4_bsp/\libhal_bsp.a(alt_icache_flush_all.o)
 .debug_line    0x0000000000000567       0x50 ../hallo4_bsp/\libhal_bsp.a(altera_nios2_gen2_irq.o)
 .debug_line    0x00000000000005b7      0x15c d:/intelfpga_lite/18.1/nios2eds/bin/gnu/h-x86_64-mingw32/bin/../lib/gcc/nios2-elf/5.3.0/../../../../../H-x86_64-mingw32/nios2-elf/lib/mno-hw-mul\libsmallc.a(lib_a-strlen.o)

.debug_frame    0x0000000000000000      0x190
 *(.debug_frame)
 .debug_frame   0x0000000000000000       0x28 obj/default/hello_world_small.o
 .debug_frame   0x0000000000000028       0x30 ../hallo4_bsp/\libhal_bsp.a(alt_load.o)
 .debug_frame   0x0000000000000058       0x2c ../hallo4_bsp/\libhal_bsp.a(alt_main.o)
 .debug_frame   0x0000000000000084       0x30 ../hallo4_bsp/\libhal_bsp.a(alt_putstr.o)
 .debug_frame   0x00000000000000b4       0x3c ../hallo4_bsp/\libhal_bsp.a(alt_sys_init.o)
 .debug_frame   0x00000000000000f0       0x20 ../hallo4_bsp/\libhal_bsp.a(altera_avalon_jtag_uart_write.o)
 .debug_frame   0x0000000000000110       0x20 ../hallo4_bsp/\libhal_bsp.a(alt_dcache_flush_all.o)
 .debug_frame   0x0000000000000130       0x20 ../hallo4_bsp/\libhal_bsp.a(alt_icache_flush_all.o)
 .debug_frame   0x0000000000000150       0x20 ../hallo4_bsp/\libhal_bsp.a(altera_nios2_gen2_irq.o)
 .debug_frame   0x0000000000000170       0x20 d:/intelfpga_lite/18.1/nios2eds/bin/gnu/h-x86_64-mingw32/bin/../lib/gcc/nios2-elf/5.3.0/../../../../../H-x86_64-mingw32/nios2-elf/lib/mno-hw-mul\libsmallc.a(lib_a-strlen.o)

.debug_str      0x0000000000000000      0x5ce
 *(.debug_str)
 .debug_str     0x0000000000000000      0x115 obj/default/hello_world_small.o
                                        0x153 (size before relaxing)
 .debug_str     0x0000000000000115      0x167 ../hallo4_bsp/\libhal_bsp.a(alt_load.o)
                                        0x24e (size before relaxing)
 .debug_str     0x000000000000027c       0x8f ../hallo4_bsp/\libhal_bsp.a(alt_main.o)
                                        0x1c7 (size before relaxing)
 .debug_str     0x000000000000030b       0x66 ../hallo4_bsp/\libhal_bsp.a(alt_putstr.o)
                                        0x1a4 (size before relaxing)
 .debug_str     0x0000000000000371       0x86 ../hallo4_bsp/\libhal_bsp.a(alt_sys_init.o)
                                        0x238 (size before relaxing)
 .debug_str     0x00000000000003f7       0x3f ../hallo4_bsp/\libhal_bsp.a(altera_avalon_jtag_uart_write.o)
                                        0x227 (size before relaxing)
 .debug_str     0x0000000000000436       0x1f ../hallo4_bsp/\libhal_bsp.a(alt_dcache_flush_all.o)
                                        0x167 (size before relaxing)
 .debug_str     0x0000000000000455       0x1f ../hallo4_bsp/\libhal_bsp.a(alt_icache_flush_all.o)
                                        0x167 (size before relaxing)
 .debug_str     0x0000000000000474       0x20 ../hallo4_bsp/\libhal_bsp.a(altera_nios2_gen2_irq.o)
                                        0x16e (size before relaxing)
 .debug_str     0x0000000000000494      0x13a d:/intelfpga_lite/18.1/nios2eds/bin/gnu/h-x86_64-mingw32/bin/../lib/gcc/nios2-elf/5.3.0/../../../../../H-x86_64-mingw32/nios2-elf/lib/mno-hw-mul\libsmallc.a(lib_a-strlen.o)
                                        0x1e5 (size before relaxing)

.debug_loc      0x0000000000000000      0x101
 *(.debug_loc)
 .debug_loc     0x0000000000000000       0x37 ../hallo4_bsp/\libhal_bsp.a(alt_putstr.o)
 .debug_loc     0x0000000000000037       0x21 ../hallo4_bsp/\libhal_bsp.a(alt_sys_init.o)
 .debug_loc     0x0000000000000058       0x8b ../hallo4_bsp/\libhal_bsp.a(altera_avalon_jtag_uart_write.o)
 .debug_loc     0x00000000000000e3       0x1e d:/intelfpga_lite/18.1/nios2eds/bin/gnu/h-x86_64-mingw32/bin/../lib/gcc/nios2-elf/5.3.0/../../../../../H-x86_64-mingw32/nios2-elf/lib/mno-hw-mul\libsmallc.a(lib_a-strlen.o)

.debug_macinfo
 *(.debug_macinfo)

.debug_weaknames
 *(.debug_weaknames)

.debug_funcnames
 *(.debug_funcnames)

.debug_typenames
 *(.debug_typenames)

.debug_varnames
 *(.debug_varnames)

.debug_alt_sim_info
                0x0000000000000000       0x10
 *(.debug_alt_sim_info)
 .debug_alt_sim_info
                0x0000000000000000       0x10 ../hallo4_bsp//obj/HAL/src/crt0.o
                0x0000000002002000                __alt_data_end = 0x2002000
                0x0000000002002000                PROVIDE (__alt_stack_pointer, __alt_data_end)
                [!provide]                        PROVIDE (__alt_stack_limit, __alt_stack_base)
                [!provide]                        PROVIDE (__alt_heap_start, end)
                [!provide]                        PROVIDE (__alt_heap_limit, 0x2002000)
OUTPUT(hallo4.elf elf32-littlenios2)

.debug_ranges   0x0000000000000000       0x88
 .debug_ranges  0x0000000000000000       0x20 ../hallo4_bsp//obj/HAL/src/crt0.o
 .debug_ranges  0x0000000000000020       0x10 obj/default/hello_world_small.o
 .debug_ranges  0x0000000000000030       0x48 ../hallo4_bsp/\libhal_bsp.a(alt_load.o)
 .debug_ranges  0x0000000000000078       0x10 d:/intelfpga_lite/18.1/nios2eds/bin/gnu/h-x86_64-mingw32/bin/../lib/gcc/nios2-elf/5.3.0/../../../../../H-x86_64-mingw32/nios2-elf/lib/mno-hw-mul\libsmallc.a(lib_a-strlen.o)
