------------------------------------------------------------
Timing Analyzer Summary
------------------------------------------------------------

Type  : Slow 1200mV 85C Model Setup 'pll0_inst|altpll_component|auto_generated|pll1|clk[0]'
Slack : 1.097
TNS   : 0.000

Type  : Slow 1200mV 85C Model Setup 'CLOCK_50'
Slack : 15.004
TNS   : 0.000

Type  : Slow 1200mV 85C Model Setup 'altera_reserved_tck'
Slack : 41.460
TNS   : 0.000

Type  : Slow 1200mV 85C Model Hold 'pll0_inst|altpll_component|auto_generated|pll1|clk[0]'
Slack : 0.340
TNS   : 0.000

Type  : Slow 1200mV 85C Model Hold 'CLOCK_50'
Slack : 0.455
TNS   : 0.000

Type  : Slow 1200mV 85C Model Hold 'altera_reserved_tck'
Slack : 0.455
TNS   : 0.000

Type  : Slow 1200mV 85C Model Recovery 'pll0_inst|altpll_component|auto_generated|pll1|clk[0]'
Slack : 5.096
TNS   : 0.000

Type  : Slow 1200mV 85C Model Recovery 'altera_reserved_tck'
Slack : 47.746
TNS   : 0.000

Type  : Slow 1200mV 85C Model Removal 'altera_reserved_tck'
Slack : 1.643
TNS   : 0.000

Type  : Slow 1200mV 85C Model Removal 'pll0_inst|altpll_component|auto_generated|pll1|clk[0]'
Slack : 3.064
TNS   : 0.000

Type  : Slow 1200mV 85C Model Minimum Pulse Width 'pll0_inst|altpll_component|auto_generated|pll1|clk[0]'
Slack : 4.625
TNS   : 0.000

Type  : Slow 1200mV 85C Model Minimum Pulse Width 'pll0_inst|altpll_component|auto_generated|pll1|clk[1]'
Slack : 4.753
TNS   : 0.000

Type  : Slow 1200mV 85C Model Minimum Pulse Width 'CLOCK_50'
Slack : 9.713
TNS   : 0.000

Type  : Slow 1200mV 85C Model Minimum Pulse Width 'altera_reserved_tck'
Slack : 49.372
TNS   : 0.000

Type  : Slow 1200mV 0C Model Setup 'pll0_inst|altpll_component|auto_generated|pll1|clk[0]'
Slack : 1.589
TNS   : 0.000

Type  : Slow 1200mV 0C Model Setup 'CLOCK_50'
Slack : 15.254
TNS   : 0.000

Type  : Slow 1200mV 0C Model Setup 'altera_reserved_tck'
Slack : 41.980
TNS   : 0.000

Type  : Slow 1200mV 0C Model Hold 'pll0_inst|altpll_component|auto_generated|pll1|clk[0]'
Slack : 0.328
TNS   : 0.000

Type  : Slow 1200mV 0C Model Hold 'CLOCK_50'
Slack : 0.403
TNS   : 0.000

Type  : Slow 1200mV 0C Model Hold 'altera_reserved_tck'
Slack : 0.403
TNS   : 0.000

Type  : Slow 1200mV 0C Model Recovery 'pll0_inst|altpll_component|auto_generated|pll1|clk[0]'
Slack : 5.452
TNS   : 0.000

Type  : Slow 1200mV 0C Model Recovery 'altera_reserved_tck'
Slack : 48.036
TNS   : 0.000

Type  : Slow 1200mV 0C Model Removal 'altera_reserved_tck'
Slack : 1.480
TNS   : 0.000

Type  : Slow 1200mV 0C Model Removal 'pll0_inst|altpll_component|auto_generated|pll1|clk[0]'
Slack : 2.708
TNS   : 0.000

Type  : Slow 1200mV 0C Model Minimum Pulse Width 'pll0_inst|altpll_component|auto_generated|pll1|clk[0]'
Slack : 4.611
TNS   : 0.000

Type  : Slow 1200mV 0C Model Minimum Pulse Width 'pll0_inst|altpll_component|auto_generated|pll1|clk[1]'
Slack : 4.724
TNS   : 0.000

Type  : Slow 1200mV 0C Model Minimum Pulse Width 'CLOCK_50'
Slack : 9.729
TNS   : 0.000

Type  : Slow 1200mV 0C Model Minimum Pulse Width 'altera_reserved_tck'
Slack : 49.228
TNS   : 0.000

Type  : Fast 1200mV 0C Model Setup 'pll0_inst|altpll_component|auto_generated|pll1|clk[0]'
Slack : 6.012
TNS   : 0.000

Type  : Fast 1200mV 0C Model Setup 'CLOCK_50'
Slack : 17.819
TNS   : 0.000

Type  : Fast 1200mV 0C Model Setup 'altera_reserved_tck'
Slack : 46.477
TNS   : 0.000

Type  : Fast 1200mV 0C Model Hold 'pll0_inst|altpll_component|auto_generated|pll1|clk[0]'
Slack : 0.107
TNS   : 0.000

Type  : Fast 1200mV 0C Model Hold 'altera_reserved_tck'
Slack : 0.187
TNS   : 0.000

Type  : Fast 1200mV 0C Model Hold 'CLOCK_50'
Slack : 0.188
TNS   : 0.000

Type  : Fast 1200mV 0C Model Recovery 'pll0_inst|altpll_component|auto_generated|pll1|clk[0]'
Slack : 7.751
TNS   : 0.000

Type  : Fast 1200mV 0C Model Recovery 'altera_reserved_tck'
Slack : 49.267
TNS   : 0.000

Type  : Fast 1200mV 0C Model Removal 'altera_reserved_tck'
Slack : 0.685
TNS   : 0.000

Type  : Fast 1200mV 0C Model Removal 'pll0_inst|altpll_component|auto_generated|pll1|clk[0]'
Slack : 1.400
TNS   : 0.000

Type  : Fast 1200mV 0C Model Minimum Pulse Width 'pll0_inst|altpll_component|auto_generated|pll1|clk[0]'
Slack : 4.718
TNS   : 0.000

Type  : Fast 1200mV 0C Model Minimum Pulse Width 'pll0_inst|altpll_component|auto_generated|pll1|clk[1]'
Slack : 4.944
TNS   : 0.000

Type  : Fast 1200mV 0C Model Minimum Pulse Width 'CLOCK_50'
Slack : 9.250
TNS   : 0.000

Type  : Fast 1200mV 0C Model Minimum Pulse Width 'altera_reserved_tck'
Slack : 49.268
TNS   : 0.000

------------------------------------------------------------
